
> mdh-3d-store@2.0.0 build
> next build

   Ôû▓ Next.js 15.5.15
   - Environments: .env.local
   - Experiments (use with caution):
     ┬À optimizePackageImports

   Creating an optimized production build ...
 Ô£ô Compiled successfully in 10.8s
   Linting and checking validity of types ...
